// Jest Snapshot v1, https://goo.gl/fbAQLP

exports[`BasicRefreshIcon snapshot 1`] = `
<DocumentFragment>
  <svg
    class=""
    fill="none"
    role="img"
    viewBox="0 0 16 20"
    xmlns="http://www.w3.org/2000/svg"
  >
    <path
      d="M8 4V0L3 5l5 5V6a6 6 0 1 1-6 6H0a8 8 0 1 0 8-8Z"
      fill="white"
    />
  </svg>
</DocumentFragment>
`;
